=== round 0 model nomic15
{"clients": 1, "batch": 1, "seconds": 14.8, "requests": 316, "errors": 0, "chunks_per_s": 21.3, "tokens_per_s": 11378, "tokens_per_chunk": 534.3, "lat_p50_s": 0.04, "lat_max_s": 0.376, "host_start": "44.79 55.59 56.67 | 27, 15578", "host_end": "42.61 54.55 56.31 | 83, 15632", "model": "nomic15", "round": 0, "vram_mb": 504, "load_s": 1.0}
{"clients": 4, "batch": 8, "seconds": 30.5, "requests": 65, "errors": 0, "chunks_per_s": 17.0, "tokens_per_s": 8857, "tokens_per_chunk": 519.6, "lat_p50_s": 1.847, "lat_max_s": 2.862, "host_start": "43.20 54.48 56.28 | 97, 15620", "host_end": "47.56 54.29 56.15 | 92, 15824", "model": "nomic15", "round": 0, "vram_mb": 518, "load_s": 1.0}
{"clients": 1, "batch": 16, "seconds": 20.1, "requests": 19, "errors": 0, "chunks_per_s": 15.1, "tokens_per_s": 8149, "tokens_per_chunk": 538.3, "lat_p50_s": 1.005, "lat_max_s": 1.839, "host_start": "47.56 54.29 56.15 | 97, 15824", "host_end": "53.76 55.30 56.44 | 98, 15824", "model": "nomic15", "round": 0, "vram_mb": 518, "load_s": 1.0}
=== round 0 model gemma300
{"clients": 1, "batch": 1, "seconds": 14.3, "requests": 141, "errors": 0, "chunks_per_s": 9.9, "tokens_per_s": 5441, "tokens_per_chunk": 550.6, "lat_p50_s": 0.057, "lat_max_s": 2.003, "host_start": "54.09 55.32 56.44 | 92, 15632", "host_end": "57.29 55.93 56.62 | 91, 15578", "model": "gemma300", "round": 0, "vram_mb": 676, "load_s": 5.0}
   err: HTTP Error 400: Bad Request
   err: HTTP Error 400: Bad Request
   err: Remote end closed connection without response
   err: Remote end closed connection without response
   err: Remote end closed connection without response
   err: Remote end closed connection without response
   err: <urlopen error [Errno 111] Connection refused>
   err: <urlopen error [Errno 111] Connection refused>
   err: <urlopen error [Errno 111] Connection refused>
   err: <urlopen error [Errno 111] Connection refused>
   err: <urlopen error [Errno 111] Connection refused>
   err: <urlopen error [Errno 111] Connection refused>
   err: <urlopen error [Errno 111] Connection refused>
   err: <urlopen error [Errno 111] Connection refused>
   err: <urlopen error [Errno 111] Connection refused>
   err: <urlopen error [Errno 111] Connection refused>
   err: <urlopen error [Errno 111] Connection refused>
   err: <urlopen error [Errno 111] Connection refused>
   err: <urlopen error [Errno 111] Connection refused>
   err: <urlopen error [Errno 111] Connection refused>
   err: <urlopen error [Errno 111] Connection refused>
   err: <urlopen error [Errno 111] Connection refused>
   err: <urlopen error [Errno 111] Connection refused>
   err: <urlopen error [Errno 111] Connection refused>   err: <urlopen error [Errno 111] Connection refused>

   err: <urlopen error [Errno 111] Connection refused>
   err: <urlopen error [Errno 111] Connection refused>
   err: <urlopen error [Errno 111] Connection refused>
   err: <urlopen error [Errno 111] Connection refused>
   err: <urlopen error [Errno 111] Connection refused>
   err: <urlopen error [Errno 111] Connection refused>
   err: <urlopen error [Errno 111] Connection refused>
   err: <urlopen error [Errno 111] Connection refused>
   err: <urlopen error [Errno 111] Connection refused>
   err: <urlopen error [Errno 111] Connection refused>
   err: <urlopen error [Errno 111] Connection refused>
   err: <urlopen error [Errno 111] Connection refused>
   err: <urlopen error [Errno 111] Connection refused>
   err: <urlopen error [Errno 111] Connection refused>
   err: <urlopen error [Errno 111] Connection refused>
   err: <urlopen error [Errno 111] Connection refused>
   err: <urlopen error [Errno 111] Connection refused>
   err: <urlopen error [Errno 111] Connection refused>
   err: <urlopen error [Errno 111] Connection refused>
   err: <urlopen error [Errno 111] Connection refused>
   err: <urlopen error [Errno 111] Connection refused>
   err: <urlopen error [Errno 111] Connection refused>   err: <urlopen error [Errno 111] Connection refused>

   err: <urlopen error [Errno 111] Connection refused>
   err: <urlopen error [Errno 111] Connection refused>
   err: <urlopen error [Errno 111] Connection refused>
   err: <urlopen error [Errno 111] Connection refused>
   err: <urlopen error [Errno 111] Connection refused>
   err: <urlopen error [Errno 111] Connection refused>
   err: <urlopen error [Errno 111] Connection refused>
   err: <urlopen error [Errno 111] Connection refused>
   err: <urlopen error [Errno 111] Connection refused>
{"clients": 4, "batch": 8, "seconds": 26.3, "requests": 8, "errors": 57, "chunks_per_s": 2.4, "tokens_per_s": 1221, "tokens_per_chunk": 501.2, "lat_p50_s": 4.904, "lat_max_s": 9.472, "host_start": "57.59 56.02 56.64 | 99, 15852", "host_end": "61.26 57.00 56.95 | 99, 15660", "model": "gemma300", "round": 0, "vram_mb": null, "load_s": 5.0}
warm err <urlopen error [Errno 111] Connection refused>
   err: <urlopen error [Errno 111] Connection refused>
   err: <urlopen error [Errno 111] Connection refused>
   err: <urlopen error [Errno 111] Connection refused>
   err: <urlopen error [Errno 111] Connection refused>
   err: <urlopen error [Errno 111] Connection refused>
   err: <urlopen error [Errno 111] Connection refused>
   err: <urlopen error [Errno 111] Connection refused>
   err: <urlopen error [Errno 111] Connection refused>
   err: <urlopen error [Errno 111] Connection refused>
   err: <urlopen error [Errno 111] Connection refused>
   err: <urlopen error [Errno 111] Connection refused>
   err: <urlopen error [Errno 111] Connection refused>
   err: <urlopen error [Errno 111] Connection refused>
   err: <urlopen error [Errno 111] Connection refused>
   err: <urlopen error [Errno 111] Connection refused>
   err: <urlopen error [Errno 111] Connection refused>
   err: <urlopen error [Errno 111] Connection refused>
   err: <urlopen error [Errno 111] Connection refused>
   err: <urlopen error [Errno 111] Connection refused>
   err: <urlopen error [Errno 111] Connection refused>
   err: <urlopen error [Errno 111] Connection refused>
   err: <urlopen error [Errno 111] Connection refused>
   err: <urlopen error [Errno 111] Connection refused>
   err: <urlopen error [Errno 111] Connection refused>
   err: <urlopen error [Errno 111] Connection refused>
   err: <urlopen error [Errno 111] Connection refused>
   err: <urlopen error [Errno 111] Connection refused>
   err: <urlopen error [Errno 111] Connection refused>
   err: <urlopen error [Errno 111] Connection refused>
   err: <urlopen error [Errno 111] Connection refused>
   err: <urlopen error [Errno 111] Connection refused>
   err: <urlopen error [Errno 111] Connection refused>
   err: <urlopen error [Errno 111] Connection refused>
   err: <urlopen error [Errno 111] Connection refused>
   err: <urlopen error [Errno 111] Connection refused>
   err: <urlopen error [Errno 111] Connection refused>
   err: <urlopen error [Errno 111] Connection refused>
   err: <urlopen error [Errno 111] Connection refused>
   err: <urlopen error [Errno 111] Connection refused>
   err: <urlopen error [Errno 111] Connection refused>
{"clients": 1, "batch": 16, "seconds": 20.3, "requests": 0, "errors": 40, "chunks_per_s": 0.0, "tokens_per_s": 0, "tokens_per_chunk": 0.0, "lat_p50_s": null, "lat_max_s": null, "host_start": "61.26 57.00 56.95 | 0, 14566", "host_end": "64.93 58.08 57.31 | 91, 17460", "model": "gemma300", "round": 0, "vram_mb": null, "load_s": 5.0}
=== round 0 model qwen3_06
{"clients": 1, "batch": 1, "seconds": 14.8, "requests": 42, "errors": 0, "chunks_per_s": 2.8, "tokens_per_s": 1447, "tokens_per_chunk": 510.7, "lat_p50_s": 0.307, "lat_max_s": 1.705, "host_start": "64.17 58.17 57.34 | 98, 21846", "host_end": "67.34 59.18 57.69 | 97, 20918", "model": "qwen3_06", "round": 0, "vram_mb": 3654, "load_s": 5.1}
warm err Remote end closed connection without response
   err: <urlopen error [Errno 111] Connection refused>
   err: <urlopen error [Errno 111] Connection refused>
   err: <urlopen error [Errno 111] Connection refused>
   err: <urlopen error [Errno 111] Connection refused>
   err: <urlopen error [Errno 111] Connection refused>
   err: <urlopen error [Errno 111] Connection refused>
   err: <urlopen error [Errno 111] Connection refused>   err: <urlopen error [Errno 111] Connection refused>

   err: <urlopen error [Errno 111] Connection refused>
   err: <urlopen error [Errno 111] Connection refused>
   err: <urlopen error [Errno 111] Connection refused>
   err: <urlopen error [Errno 111] Connection refused>
   err: <urlopen error [Errno 111] Connection refused>
   err: <urlopen error [Errno 111] Connection refused>
   err: <urlopen error [Errno 111] Connection refused>
   err: <urlopen error [Errno 111] Connection refused>
   err: <urlopen error [Errno 111] Connection refused>
   err: <urlopen error [Errno 111] Connection refused>
   err: <urlopen error [Errno 111] Connection refused>
   err: <urlopen error [Errno 111] Connection refused>
   err: <urlopen error [Errno 111] Connection refused>
   err: <urlopen error [Errno 111] Connection refused>
   err: <urlopen error [Errno 111] Connection refused>
   err: <urlopen error [Errno 111] Connection refused>
   err: <urlopen error [Errno 111] Connection refused>
   err: <urlopen error [Errno 111] Connection refused>
   err: <urlopen error [Errno 111] Connection refused>
   err: <urlopen error [Errno 111] Connection refused>
   err: <urlopen error [Errno 111] Connection refused>
   err: <urlopen error [Errno 111] Connection refused>
   err: <urlopen error [Errno 111] Connection refused>
   err: <urlopen error [Errno 111] Connection refused>
   err: <urlopen error [Errno 111] Connection refused>
   err: <urlopen error [Errno 111] Connection refused>
   err: <urlopen error [Errno 111] Connection refused>
   err: <urlopen error [Errno 111] Connection refused>
   err: <urlopen error [Errno 111] Connection refused>
   err: <urlopen error [Errno 111] Connection refused>
   err: <urlopen error [Errno 111] Connection refused>
   err: <urlopen error [Errno 111] Connection refused>
   err: <urlopen error [Errno 111] Connection refused>
   err: <urlopen error [Errno 111] Connection refused>
   err: <urlopen error [Errno 111] Connection refused>
   err: <urlopen error [Errno 111] Connection refused>
   err: <urlopen error [Errno 111] Connection refused>
   err: <urlopen error [Errno 111] Connection refused>
   err: <urlopen error [Errno 111] Connection refused>
   err: <urlopen error [Errno 111] Connection refused>
   err: <urlopen error [Errno 111] Connection refused>
   err: <urlopen error [Errno 111] Connection refused>
   err: <urlopen error [Errno 111] Connection refused>
   err: <urlopen error [Errno 111] Connection refused>
   err: <urlopen error [Errno 111] Connection refused>
   err: <urlopen error [Errno 111] Connection refused>
   err: <urlopen error [Errno 111] Connection refused>
   err: <urlopen error [Errno 111] Connection refused>
   err: <urlopen error [Errno 111] Connection refused>
   err: <urlopen error [Errno 111] Connection refused>
   err: <urlopen error [Errno 111] Connection refused>
   err: <urlopen error [Errno 111] Connection refused>
   err: <urlopen error [Errno 111] Connection refused>
   err: <urlopen error [Errno 111] Connection refused>
   err: <urlopen error [Errno 111] Connection refused>
   err: <urlopen error [Errno 111] Connection refused>
   err: <urlopen error [Errno 111] Connection refused>
   err: <urlopen error [Errno 111] Connection refused>
   err: <urlopen error [Errno 111] Connection refused>
   err: <urlopen error [Errno 111] Connection refused>
   err: <urlopen error [Errno 111] Connection refused>
   err: <urlopen error [Errno 111] Connection refused>   err: <urlopen error [Errno 111] Connection refused>
   err: <urlopen error [Errno 111] Connection refused>

   err: <urlopen error [Errno 111] Connection refused>
   err: <urlopen error [Errno 111] Connection refused>
   err: <urlopen error [Errno 111] Connection refused>
   err: <urlopen error [Errno 111] Connection refused>
   err: <urlopen error [Errno 111] Connection refused>
   err: <urlopen error [Errno 111] Connection refused>
   err: <urlopen error [Errno 111] Connection refused>
   err: <urlopen error [Errno 111] Connection refused>
   err: <urlopen error [Errno 111] Connection refused>
   err: <urlopen error [Errno 111] Connection refused>
   err: <urlopen error [Errno 111] Connection refused>
   err: <urlopen error [Errno 111] Connection refused>
   err: <urlopen error [Errno 111] Connection refused>
   err: <urlopen error [Errno 111] Connection refused>
   err: <urlopen error [Errno 111] Connection refused>
   err: <urlopen error [Errno 111] Connection refused>
   err: <urlopen error [Errno 111] Connection refused>
   err: <urlopen error [Errno 111] Connection refused>
   err: <urlopen error [Errno 111] Connection refused>
   err: <urlopen error [Errno 111] Connection refused>
   err: <urlopen error [Errno 111] Connection refused>
   err: <urlopen error [Errno 111] Connection refused>
   err: <urlopen error [Errno 111] Connection refused>
   err: <urlopen error [Errno 111] Connection refused>
   err: <urlopen error [Errno 111] Connection refused>
   err: <urlopen error [Errno 111] Connection refused>
   err: <urlopen error [Errno 111] Connection refused>
   err: <urlopen error [Errno 111] Connection refused>
   err: <urlopen error [Errno 111] Connection refused>
   err: <urlopen error [Errno 111] Connection refused>
   err: <urlopen error [Errno 111] Connection refused>
   err: <urlopen error [Errno 111] Connection refused>
   err: <urlopen error [Errno 111] Connection refused>
   err: <urlopen error [Errno 111] Connection refused>
   err: <urlopen error [Errno 111] Connection refused>
   err: <urlopen error [Errno 111] Connection refused>
   err: <urlopen error [Errno 111] Connection refused>
   err: <urlopen error [Errno 111] Connection refused>
   err: <urlopen error [Errno 111] Connection refused>
   err: <urlopen error [Errno 111] Connection refused>
   err: <urlopen error [Errno 111] Connection refused>
   err: <urlopen error [Errno 111] Connection refused>
   err: <urlopen error [Errno 111] Connection refused>
   err: <urlopen error [Errno 111] Connection refused>
   err: <urlopen error [Errno 111] Connection refused>
   err: <urlopen error [Errno 111] Connection refused>
   err: <urlopen error [Errno 111] Connection refused>
   err: <urlopen error [Errno 111] Connection refused>
   err: <urlopen error [Errno 111] Connection refused>
   err: <urlopen error [Errno 111] Connection refused>
   err: <urlopen error [Errno 111] Connection refused>
   err: <urlopen error [Errno 111] Connection refused>
   err: <urlopen error [Errno 111] Connection refused>
   err: <urlopen error [Errno 111] Connection refused>
   err: <urlopen error [Errno 111] Connection refused>
   err: <urlopen error [Errno 111] Connection refused>
   err: <urlopen error [Errno 111] Connection refused>
   err: <urlopen error [Errno 111] Connection refused>
   err: <urlopen error [Errno 111] Connection refused>
   err: <urlopen error [Errno 111] Connection refused>
   err: <urlopen error [Errno 111] Connection refused>
   err: <urlopen error [Errno 111] Connection refused>
   err: <urlopen error [Errno 111] Connection refused>
   err: <urlopen error [Errno 111] Connection refused>
   err: <urlopen error [Errno 111] Connection refused>
   err: <urlopen error [Errno 111] Connection refused>
   err: <urlopen error [Errno 111] Connection refused>
   err: <urlopen error [Errno 111] Connection refused>
   err: <urlopen error [Errno 111] Connection refused>
   err: <urlopen error [Errno 111] Connection refused>
   err: <urlopen error [Errno 111] Connection refused>
   err: <urlopen error [Errno 111] Connection refused>
   err: <urlopen error [Errno 111] Connection refused>
   err: <urlopen error [Errno 111] Connection refused>
   err: <urlopen error [Errno 111] Connection refused>
   err: <urlopen error [Errno 111] Connection refused>
   err: <urlopen error [Errno 111] Connection refused>
   err: <urlopen error [Errno 111] Connection refused>
   err: <urlopen error [Errno 111] Connection refused>
   err: <urlopen error [Errno 111] Connection refused>
   err: <urlopen error [Errno 111] Connection refused>
   err: <urlopen error [Errno 111] Connection refused>
   err: <urlopen error [Errno 111] Connection refused>
   err: <urlopen error [Errno 111] Connection refused>
   err: <urlopen error [Errno 111] Connection refused>
   err: <urlopen error [Errno 111] Connection refused>
   err: <urlopen error [Errno 111] Connection refused>
   err: <urlopen error [Errno 111] Connection refused>
   err: <urlopen error [Errno 111] Connection refused>
   err: <urlopen error [Errno 111] Connection refused>
   err: <urlopen error [Errno 111] Connection refused>
   err: <urlopen error [Errno 111] Connection refused>
   err: <urlopen error [Errno 111] Connection refused>
   err: <urlopen error [Errno 111] Connection refused>
   err: <urlopen error [Errno 111] Connection refused>
   err: <urlopen error [Errno 111] Connection refused>
   err: <urlopen error [Errno 111] Connection refused>
   err: <urlopen error [Errno 111] Connection refused>
   err: <urlopen error [Errno 111] Connection refused>
   err: <urlopen error [Errno 111] Connection refused>
   err: <urlopen error [Errno 111] Connection refused>
   err: <urlopen error [Errno 111] Connection refused>
   err: <urlopen error [Errno 111] Connection refused>
   err: <urlopen error [Errno 111] Connection refused>
   err: <urlopen error [Errno 111] Connection refused>
   err: <urlopen error [Errno 111] Connection refused>
   err: <urlopen error [Errno 111] Connection refused>
   err: <urlopen error [Errno 111] Connection refused>
   err: <urlopen error [Errno 111] Connection refused>
   err: <urlopen error [Errno 111] Connection refused>
   err: <urlopen error [Errno 111] Connection refused>
   err: <urlopen error [Errno 111] Connection refused>
   err: <urlopen error [Errno 111] Connection refused>
   err: <urlopen error [Errno 111] Connection refused>
   err: <urlopen error [Errno 111] Connection refused>
   err: <urlopen error [Errno 111] Connection refused>
   err: <urlopen error [Errno 111] Connection refused>
   err: <urlopen error [Errno 111] Connection refused>
   err: <urlopen error [Errno 111] Connection refused>
   err: <urlopen error [Errno 111] Connection refused>
   err: <urlopen error [Errno 111] Connection refused>
   err: <urlopen error [Errno 111] Connection refused>
   err: <urlopen error [Errno 111] Connection refused>
   err: <urlopen error [Errno 111] Connection refused>
   err: <urlopen error [Errno 111] Connection refused>
   err: <urlopen error [Errno 111] Connection refused>
   err: <urlopen error [Errno 111] Connection refused>
   err: <urlopen error [Errno 111] Connection refused>
   err: <urlopen error [Errno 111] Connection refused>
   err: <urlopen error [Errno 111] Connection refused>
   err: <urlopen error [Errno 111] Connection refused>
   err: <urlopen error [Errno 111] Connection refused>
   err: <urlopen error [Errno 111] Connection refused>
   err: <urlopen error [Errno 111] Connection refused>
   err: <urlopen error [Errno 111] Connection refused>
   err: <urlopen error [Errno 111] Connection refused>
   err: <urlopen error [Errno 111] Connection refused>
   err: <urlopen error [Errno 111] Connection refused>
   err: <urlopen error [Errno 111] Connection refused>
   err: <urlopen error [Errno 111] Connection refused>
   err: <urlopen error [Errno 111] Connection refused>
{"clients": 4, "batch": 8, "seconds": 27.2, "requests": 0, "errors": 213, "chunks_per_s": 0.0, "tokens_per_s": 0, "tokens_per_chunk": 0.0, "lat_p50_s": null, "lat_max_s": null, "host_start": "67.79 59.41 57.77 | 62, 20862", "host_end": "72.85 61.41 58.49 | 93, 17144", "model": "qwen3_06", "round": 0, "vram_mb": null, "load_s": 5.1}
warm err <urlopen error [Errno 111] Connection refused>
   err: <urlopen error [Errno 111] Connection refused>
   err: <urlopen error [Errno 111] Connection refused>
   err: <urlopen error [Errno 111] Connection refused>
   err: <urlopen error [Errno 111] Connection refused>
   err: <urlopen error [Errno 111] Connection refused>
   err: <urlopen error [Errno 111] Connection refused>
   err: <urlopen error [Errno 111] Connection refused>
   err: <urlopen error [Errno 111] Connection refused>
   err: <urlopen error [Errno 111] Connection refused>
   err: <urlopen error [Errno 111] Connection refused>
   err: <urlopen error [Errno 111] Connection refused>
   err: <urlopen error [Errno 111] Connection refused>
   err: <urlopen error [Errno 111] Connection refused>
   err: <urlopen error [Errno 111] Connection refused>
   err: <urlopen error [Errno 111] Connection refused>
   err: <urlopen error [Errno 111] Connection refused>
   err: <urlopen error [Errno 111] Connection refused>
   err: <urlopen error [Errno 111] Connection refused>
   err: <urlopen error [Errno 111] Connection refused>
   err: <urlopen error [Errno 111] Connection refused>
   err: <urlopen error [Errno 111] Connection refused>
   err: <urlopen error [Errno 111] Connection refused>
   err: <urlopen error [Errno 111] Connection refused>
   err: <urlopen error [Errno 111] Connection refused>
   err: <urlopen error [Errno 111] Connection refused>
   err: <urlopen error [Errno 111] Connection refused>
   err: <urlopen error [Errno 111] Connection refused>
   err: <urlopen error [Errno 111] Connection refused>
   err: <urlopen error [Errno 111] Connection refused>
   err: <urlopen error [Errno 111] Connection refused>
   err: <urlopen error [Errno 111] Connection refused>
   err: <urlopen error [Errno 111] Connection refused>
   err: <urlopen error [Errno 111] Connection refused>
   err: <urlopen error [Errno 111] Connection refused>
   err: <urlopen error [Errno 111] Connection refused>
   err: <urlopen error [Errno 111] Connection refused>
   err: <urlopen error [Errno 111] Connection refused>
   err: <urlopen error [Errno 111] Connection refused>
   err: <urlopen error [Errno 111] Connection refused>
   err: <urlopen error [Errno 111] Connection refused>
{"clients": 1, "batch": 16, "seconds": 20.1, "requests": 0, "errors": 40, "chunks_per_s": 0.0, "tokens_per_s": 0, "tokens_per_chunk": 0.0, "lat_p50_s": null, "lat_max_s": null, "host_start": "72.85 61.41 58.49 | 100, 16916", "host_end": "68.40 61.14 58.46 | 1, 16410", "model": "qwen3_06", "round": 0, "vram_mb": null, "load_s": 5.1}
=== round 0 model nomic2moe
   err: HTTP Error 400: Bad Request
   err: HTTP Error 400: Bad Request
   err: HTTP Error 400: Bad Request
   err: HTTP Error 400: Bad Request
   err: HTTP Error 400: Bad Request
   err: HTTP Error 400: Bad Request
   err: HTTP Error 400: Bad Request
   err: HTTP Error 400: Bad Request
   err: HTTP Error 400: Bad Request
   err: HTTP Error 400: Bad Request
   err: HTTP Error 400: Bad Request
   err: HTTP Error 400: Bad Request
   err: HTTP Error 400: Bad Request
   err: HTTP Error 400: Bad Request
   err: HTTP Error 400: Bad Request
   err: HTTP Error 400: Bad Request
   err: HTTP Error 400: Bad Request
   err: HTTP Error 400: Bad Request
   err: HTTP Error 400: Bad Request
   err: HTTP Error 400: Bad Request
   err: HTTP Error 400: Bad Request
   err: HTTP Error 400: Bad Request
   err: HTTP Error 400: Bad Request
   err: HTTP Error 400: Bad Request
   err: HTTP Error 400: Bad Request
   err: HTTP Error 400: Bad Request
{"clients": 1, "batch": 1, "seconds": 14.7, "requests": 22, "errors": 26, "chunks_per_s": 1.5, "tokens_per_s": 371, "tokens_per_chunk": 248.3, "lat_p50_s": 0.037, "lat_max_s": 0.721, "host_start": "65.02 60.65 58.33 | 88, 18066", "host_end": "61.95 60.20 58.22 | 99, 18070", "model": "nomic2moe", "round": 0, "vram_mb": 650, "load_s": 7.1}
warm err HTTP Error 400: Bad Request
   err: HTTP Error 400: Bad Request
   err: HTTP Error 400: Bad Request
   err: HTTP Error 400: Bad Request
   err: HTTP Error 400: Bad Request
   err: HTTP Error 400: Bad Request
   err: HTTP Error 400: Bad Request
   err: HTTP Error 400: Bad Request
   err: HTTP Error 400: Bad Request
   err: HTTP Error 400: Bad Request
   err: HTTP Error 400: Bad Request
   err: HTTP Error 400: Bad Request
   err: HTTP Error 400: Bad Request
   err: HTTP Error 400: Bad Request
   err: HTTP Error 400: Bad Request
   err: HTTP Error 400: Bad Request
   err: HTTP Error 400: Bad Request
   err: HTTP Error 400: Bad Request
   err: HTTP Error 400: Bad Request
   err: HTTP Error 400: Bad Request
   err: HTTP Error 400: Bad Request
   err: HTTP Error 400: Bad Request
   err: HTTP Error 400: Bad Request
   err: HTTP Error 400: Bad Request
   err: HTTP Error 400: Bad Request
   err: HTTP Error 400: Bad Request
   err: HTTP Error 400: Bad Request
   err: HTTP Error 400: Bad Request
   err: HTTP Error 400: Bad Request
   err: HTTP Error 400: Bad Request
   err: HTTP Error 400: Bad Request
   err: HTTP Error 400: Bad Request
   err: HTTP Error 400: Bad Request
   err: HTTP Error 400: Bad Request
   err: HTTP Error 400: Bad Request
   err: HTTP Error 400: Bad Request
   err: HTTP Error 400: Bad Request
   err: HTTP Error 400: Bad Request
   err: HTTP Error 400: Bad Request
   err: HTTP Error 400: Bad Request
   err: HTTP Error 400: Bad Request
   err: HTTP Error 400: Bad Request
   err: HTTP Error 400: Bad Request
   err: HTTP Error 400: Bad Request
   err: HTTP Error 400: Bad Request
   err: HTTP Error 400: Bad Request
   err: HTTP Error 400: Bad Request
   err: HTTP Error 400: Bad Request
   err: HTTP Error 400: Bad Request
   err: HTTP Error 400: Bad Request
   err: HTTP Error 400: Bad Request
   err: HTTP Error 400: Bad Request
   err: HTTP Error 400: Bad Request
   err: HTTP Error 400: Bad Request
   err: HTTP Error 400: Bad Request
   err: HTTP Error 400: Bad Request
   err: HTTP Error 400: Bad Request
   err: HTTP Error 400: Bad Request
   err: HTTP Error 400: Bad Request
   err: HTTP Error 400: Bad Request
   err: HTTP Error 400: Bad Request
   err: HTTP Error 400: Bad Request
   err: HTTP Error 400: Bad Request
   err: HTTP Error 400: Bad Request
   err: HTTP Error 400: Bad Request
   err: HTTP Error 400: Bad Request
   err: HTTP Error 400: Bad Request
   err: HTTP Error 400: Bad Request
   err: HTTP Error 400: Bad Request
   err: HTTP Error 400: Bad Request
   err: HTTP Error 400: Bad Request
   err: HTTP Error 400: Bad Request
   err: HTTP Error 400: Bad Request
   err: HTTP Error 400: Bad Request
   err: HTTP Error 400: Bad Request
   err: HTTP Error 400: Bad Request
   err: HTTP Error 400: Bad Request
   err: HTTP Error 400: Bad Request
   err: HTTP Error 400: Bad Request
   err: HTTP Error 400: Bad Request
   err: HTTP Error 400: Bad Request
   err: HTTP Error 400: Bad Request
   err: HTTP Error 400: Bad Request
   err: HTTP Error 400: Bad Request
   err: HTTP Error 400: Bad Request
   err: HTTP Error 400: Bad Request
   err: HTTP Error 400: Bad Request
   err: HTTP Error 400: Bad Request
   err: HTTP Error 400: Bad Request
   err: HTTP Error 400: Bad Request
   err: HTTP Error 400: Bad Request
   err: HTTP Error 400: Bad Request
   err: HTTP Error 400: Bad Request
   err: HTTP Error 400: Bad Request
   err: HTTP Error 400: Bad Request
   err: HTTP Error 400: Bad Request
   err: HTTP Error 400: Bad Request
   err: HTTP Error 400: Bad Request
   err: HTTP Error 400: Bad Request
   err: HTTP Error 400: Bad Request
   err: HTTP Error 400: Bad Request
   err: HTTP Error 400: Bad Request
   err: HTTP Error 400: Bad Request
   err: HTTP Error 400: Bad Request
   err: HTTP Error 400: Bad Request
   err: HTTP Error 400: Bad Request
   err: HTTP Error 400: Bad Request
   err: HTTP Error 400: Bad Request
   err: HTTP Error 400: Bad Request
   err: HTTP Error 400: Bad Request
   err: HTTP Error 400: Bad Request
   err: HTTP Error 400: Bad Request
   err: HTTP Error 400: Bad Request
   err: HTTP Error 400: Bad Request
   err: HTTP Error 400: Bad Request
   err: HTTP Error 400: Bad Request
   err: HTTP Error 400: Bad Request
   err: HTTP Error 400: Bad Request
   err: HTTP Error 400: Bad Request
   err: HTTP Error 400: Bad Request
   err: HTTP Error 400: Bad Request
   err: HTTP Error 400: Bad Request
   err: HTTP Error 400: Bad Request
   err: HTTP Error 400: Bad Request
   err: HTTP Error 400: Bad Request
   err: HTTP Error 400: Bad Request
   err: HTTP Error 400: Bad Request
   err: HTTP Error 400: Bad Request
   err: HTTP Error 400: Bad Request
   err: HTTP Error 400: Bad Request
   err: HTTP Error 400: Bad Request
   err: HTTP Error 400: Bad Request
   err: HTTP Error 400: Bad Request
   err: HTTP Error 400: Bad Request
   err: HTTP Error 400: Bad Request
   err: HTTP Error 400: Bad Request
   err: HTTP Error 400: Bad Request
   err: HTTP Error 400: Bad Request
   err: HTTP Error 400: Bad Request
   err: HTTP Error 400: Bad Request
   err: HTTP Error 400: Bad Request
   err: HTTP Error 400: Bad Request
   err: HTTP Error 400: Bad Request
   err: HTTP Error 400: Bad Request
   err: HTTP Error 400: Bad Request
   err: HTTP Error 400: Bad Request
   err: HTTP Error 400: Bad Request
   err: HTTP Error 400: Bad Request
   err: HTTP Error 400: Bad Request
   err: HTTP Error 400: Bad Request
   err: HTTP Error 400: Bad Request
   err: HTTP Error 400: Bad Request
   err: HTTP Error 400: Bad Request
   err: HTTP Error 400: Bad Request
   err: HTTP Error 400: Bad Request
   err: HTTP Error 400: Bad Request
   err: HTTP Error 400: Bad Request
   err: HTTP Error 400: Bad Request
   err: HTTP Error 400: Bad Request
   err: HTTP Error 400: Bad Request
   err: HTTP Error 400: Bad Request
   err: HTTP Error 400: Bad Request
   err: HTTP Error 400: Bad Request
   err: HTTP Error 400: Bad Request
   err: HTTP Error 400: Bad Request
   err: HTTP Error 400: Bad Request
   err: HTTP Error 400: Bad Request
   err: HTTP Error 400: Bad Request
   err: HTTP Error 400: Bad Request
   err: HTTP Error 400: Bad Request
   err: HTTP Error 400: Bad Request
   err: HTTP Error 400: Bad Request
   err: HTTP Error 400: Bad Request
   err: HTTP Error 400: Bad Request
   err: HTTP Error 400: Bad Request
   err: HTTP Error 400: Bad Request
   err: HTTP Error 400: Bad Request
   err: HTTP Error 400: Bad Request
   err: HTTP Error 400: Bad Request
   err: HTTP Error 400: Bad Request
   err: HTTP Error 400: Bad Request
   err: HTTP Error 400: Bad Request
   err: HTTP Error 400: Bad Request
   err: HTTP Error 400: Bad Request
   err: HTTP Error 400: Bad Request
   err: HTTP Error 400: Bad Request
   err: HTTP Error 400: Bad Request
   err: HTTP Error 400: Bad Request
   err: HTTP Error 400: Bad Request
   err: HTTP Error 400: Bad Request
   err: HTTP Error 400: Bad Request
   err: HTTP Error 400: Bad Request
   err: HTTP Error 400: Bad Request
   err: HTTP Error 400: Bad Request
{"clients": 4, "batch": 8, "seconds": 30.2, "requests": 0, "errors": 193, "chunks_per_s": 0.0, "tokens_per_s": 0, "tokens_per_chunk": 0.0, "lat_p50_s": null, "lat_max_s": null, "host_start": "61.95 60.20 58.22 | 96, 18070", "host_end": "63.18 60.35 58.35 | 91, 17434", "model": "nomic2moe", "round": 0, "vram_mb": 652, "load_s": 7.1}
warm err HTTP Error 400: Bad Request
   err: HTTP Error 400: Bad Request
   err: HTTP Error 400: Bad Request
   err: HTTP Error 400: Bad Request
   err: HTTP Error 400: Bad Request
   err: HTTP Error 400: Bad Request
   err: HTTP Error 400: Bad Request
   err: HTTP Error 400: Bad Request
   err: HTTP Error 400: Bad Request
   err: HTTP Error 400: Bad Request
   err: HTTP Error 400: Bad Request
   err: HTTP Error 400: Bad Request
   err: HTTP Error 400: Bad Request
   err: HTTP Error 400: Bad Request
   err: HTTP Error 400: Bad Request
   err: HTTP Error 400: Bad Request
   err: HTTP Error 400: Bad Request
   err: HTTP Error 400: Bad Request
   err: HTTP Error 400: Bad Request
   err: HTTP Error 400: Bad Request
   err: HTTP Error 400: Bad Request
   err: HTTP Error 400: Bad Request
   err: HTTP Error 400: Bad Request
   err: HTTP Error 400: Bad Request
   err: HTTP Error 400: Bad Request
   err: HTTP Error 400: Bad Request
   err: HTTP Error 400: Bad Request
   err: HTTP Error 400: Bad Request
   err: HTTP Error 400: Bad Request
   err: HTTP Error 400: Bad Request
   err: HTTP Error 400: Bad Request
   err: HTTP Error 400: Bad Request
   err: HTTP Error 400: Bad Request
   err: HTTP Error 400: Bad Request
   err: HTTP Error 400: Bad Request
   err: HTTP Error 400: Bad Request
   err: HTTP Error 400: Bad Request
{"clients": 1, "batch": 16, "seconds": 20.1, "requests": 0, "errors": 36, "chunks_per_s": 0.0, "tokens_per_s": 0, "tokens_per_chunk": 0.0, "lat_p50_s": null, "lat_max_s": null, "host_start": "63.18 60.35 58.35 | 97, 17260", "host_end": "67.55 61.54 58.79 | 29, 16900", "model": "nomic2moe", "round": 0, "vram_mb": 652, "load_s": 7.1}
=== round 0 model bgem3
{"clients": 1, "batch": 1, "seconds": 14.7, "requests": 75, "errors": 0, "chunks_per_s": 5.1, "tokens_per_s": 3032, "tokens_per_chunk": 595.7, "lat_p50_s": 0.102, "lat_max_s": 1.957, "host_start": "73.61 63.53 59.55 | 100, 17160", "host_end": "86.01 66.82 60.69 | 6, 14728", "model": "bgem3", "round": 0, "vram_mb": 614, "load_s": 9.3}
